// Jest Snapshot v1, https://goo.gl/fbAQLP

exports[`render component renders card 1`] = `
.c0 {
  position: absolute;
  left: 50%;
  top: 60%;
  -webkit-transform: translate(-50%,-50%);
  -ms-transform: translate(-50%,-50%);
  transform: translate(-50%,-50%);
  background-color: white;
  opacity: 0;
  visibility: hidden;
  -webkit-transition: all 0.3s;
  transition: all 0.3s;
  padding: 2rem;
  box-shadow: 0px 0px 5px 0px rgba(0,0,0,0.35);
  border-radius: 5px;
  z-index: 2;
  width: 80%;
}

<tr
  className="c0"
/>
`;

exports[`render component renders header 1`] = `
.c0 {
  margin: 1rem;
  font-size: 20px;
  font-weight: 500;
}

<header
  className="c0"
/>
`;

exports[`render component renders wrapper 1`] = `
.c0 {
  width: 100%;
  height: 100%;
  background-color: white;
  opacity: 0;
  visibility: hidden;
  position: fixed;
  top: 0;
  left: 0;
  -webkit-filter: brightness(90%);
  filter: brightness(90%);
  -webkit-transition: all 0.3s;
  transition: all 0.3s;
}

<tr
  className="c0"
/>
`;
